apiVersion: admissionregistration.k8s.io/v1beta1
kind: MutatingWebhookConfiguration
metadata:
  annotations:
    cert-manager.io/inject-ca-from: kubeflow/seldon-serving-cert
  creationTimestamp: null
  labels:
    app: seldon
    app.kubernetes.io/component: seldon
    app.kubernetes.io/instance: seldon-core
    app.kubernetes.io/name: seldon-core-operator
    app.kubernetes.io/version: 1.4.0
  name: seldon-mutating-webhook-configuration-kubeflow
webhooks:
- clientConfig:
    caBundle: LS0tLS1CRUdJTiBDRVJUSUZJQ0FURS0tLS0tCk1JSURCVENDQWUyZ0F3SUJBZ0lSQVBhcTd6TWFKejJDeDlIdldOaDVPaUl3RFFZSktvWklodmNOQVFFTEJRQXcKSERFYU1CZ0dBMVVFQXhNUlkzVnpkRzl0TFcxbGRISnBZM010WTJFd0hoY05NakF4TVRJd01UQXdPVE0yV2hjTgpNakV4TVRJd01UQXdPVE0yV2pBY01Sb3dHQVlEVlFRREV4RmpkWE4wYjIwdGJXVjBjbWxqY3kxallUQ0NBU0l3CkRRWUpLb1pJaHZjTkFRRUJCUUFEZ2dFUEFEQ0NBUW9DZ2dFQkFMM3hGeGxjcURqZ01FUWdQek9oT0J5SGoyWEwKek80Uk1QS2RadjVZWEZiR0ZOWVUvS3k5enJtUXlZYlFrMmd0TldGa2xjN2FHWkZhdk9CLzJ6blNkRTFMbWVRaQpCd0dBckJPNVhkNmlpUGQwUjd2amdINmVWbmJqOGVvVkg3aFo0VHpRTkdXelRhN1FtZGM0VGVNUFlIZGhhR3JiCkI4S3pPZDE2Rm5VOVpaWmJHbjRaQUtGQ3lCNWh5T1dLL3A5Mmw0aTZYOWJPR3FXT2lsbTNkU3ZYZ3lrNktMNXYKSmZrVkJ4ZDIwalIzakxJV0t0a01DZ2R2d21Ldkw5cFU0Kzd4UFZMckNpdmc5bWs2ZDRueU8xeTg5WE44dXlHbAowd3F6azlDWDl1S0NVbGtmdXRYbnMxS2tvUHdZdVd0QnFjVUl6cHNhMFhtUTZ6cDhtTkxpNGIxaDBPY0NBd0VBCkFhTkNNRUF3RGdZRFZSMFBBUUgvQkFRREFnS2tNQjBHQTFVZEpRUVdNQlFHQ0NzR0FRVUZCd01CQmdnckJnRUYKQlFjREFqQVBCZ05WSFJNQkFmOEVCVEFEQVFIL01BMEdDU3FHU0liM0RRRUJDd1VBQTRJQkFRQ1B3d2EzVzZwegpnTW1tMUJWU1EzUWFkY051TTlQbDJGa0cwcnhpbzQ1cnZBL2pHaE8yRUlTdHoydTMvMFBIRDNvWjBTbGl0Yld3Cm96dWhScy9oNFU2eGtjQ09tdWdiNW9IRHREY0MwMFFCRk5WZFZ4TEVhblB6c0sybml5UndQanM4bG5vcjdHQmEKakttcGJscktsNDZ0cW9MVmRZSGZBVk5QNmIxbDNNTmVIQTVkTGxUTGhrTVIrK2dRS2FTVUdhK1BRSytPOXJCRAprRXFISHNzV2hoMnEwQkhPUzIyLzBpS1RvWjVWSTIwdllkZUJseXpHNHVHb1lSenNXcTduWm5JMGhjRytWdEt4ClUwL25kdkVVaURHNHU1SEFCM3N1Y2F6RUIreExRNkdFSDl5MUJ6SjRxc3UyZGJkemZHaS96ZExRRXdRRE04WGkKR0h3RnBYQU9ya2J3Ci0tLS0tRU5EIENFUlRJRklDQVRFLS0tLS0K
    service:
      name: seldon-webhook-service
      namespace: kubeflow
      path: /mutate-machinelearning-seldon-io-v1-seldondeployment
      port: 8443
  failurePolicy: Fail
  name: v1.mseldondeployment.kb.io
  namespaceSelector:
    matchExpressions:
    - key: seldon.io/controller-id
      operator: DoesNotExist
    matchLabels:
      serving.kubeflow.org/inferenceservice: enabled
  rules:
  - apiGroups:
    - machinelearning.seldon.io
    apiVersions:
    - v1
    operations:
    - CREATE
    - UPDATE
    resources:
    - seldondeployments
- clientConfig:
    caBundle: LS0tLS1CRUdJTiBDRVJUSUZJQ0FURS0tLS0tCk1JSURCVENDQWUyZ0F3SUJBZ0lSQVBhcTd6TWFKejJDeDlIdldOaDVPaUl3RFFZSktvWklodmNOQVFFTEJRQXcKSERFYU1CZ0dBMVVFQXhNUlkzVnpkRzl0TFcxbGRISnBZM010WTJFd0hoY05NakF4TVRJd01UQXdPVE0yV2hjTgpNakV4TVRJd01UQXdPVE0yV2pBY01Sb3dHQVlEVlFRREV4RmpkWE4wYjIwdGJXVjBjbWxqY3kxallUQ0NBU0l3CkRRWUpLb1pJaHZjTkFRRUJCUUFEZ2dFUEFEQ0NBUW9DZ2dFQkFMM3hGeGxjcURqZ01FUWdQek9oT0J5SGoyWEwKek80Uk1QS2RadjVZWEZiR0ZOWVUvS3k5enJtUXlZYlFrMmd0TldGa2xjN2FHWkZhdk9CLzJ6blNkRTFMbWVRaQpCd0dBckJPNVhkNmlpUGQwUjd2amdINmVWbmJqOGVvVkg3aFo0VHpRTkdXelRhN1FtZGM0VGVNUFlIZGhhR3JiCkI4S3pPZDE2Rm5VOVpaWmJHbjRaQUtGQ3lCNWh5T1dLL3A5Mmw0aTZYOWJPR3FXT2lsbTNkU3ZYZ3lrNktMNXYKSmZrVkJ4ZDIwalIzakxJV0t0a01DZ2R2d21Ldkw5cFU0Kzd4UFZMckNpdmc5bWs2ZDRueU8xeTg5WE44dXlHbAowd3F6azlDWDl1S0NVbGtmdXRYbnMxS2tvUHdZdVd0QnFjVUl6cHNhMFhtUTZ6cDhtTkxpNGIxaDBPY0NBd0VBCkFhTkNNRUF3RGdZRFZSMFBBUUgvQkFRREFnS2tNQjBHQTFVZEpRUVdNQlFHQ0NzR0FRVUZCd01CQmdnckJnRUYKQlFjREFqQVBCZ05WSFJNQkFmOEVCVEFEQVFIL01BMEdDU3FHU0liM0RRRUJDd1VBQTRJQkFRQ1B3d2EzVzZwegpnTW1tMUJWU1EzUWFkY051TTlQbDJGa0cwcnhpbzQ1cnZBL2pHaE8yRUlTdHoydTMvMFBIRDNvWjBTbGl0Yld3Cm96dWhScy9oNFU2eGtjQ09tdWdiNW9IRHREY0MwMFFCRk5WZFZ4TEVhblB6c0sybml5UndQanM4bG5vcjdHQmEKakttcGJscktsNDZ0cW9MVmRZSGZBVk5QNmIxbDNNTmVIQTVkTGxUTGhrTVIrK2dRS2FTVUdhK1BRSytPOXJCRAprRXFISHNzV2hoMnEwQkhPUzIyLzBpS1RvWjVWSTIwdllkZUJseXpHNHVHb1lSenNXcTduWm5JMGhjRytWdEt4ClUwL25kdkVVaURHNHU1SEFCM3N1Y2F6RUIreExRNkdFSDl5MUJ6SjRxc3UyZGJkemZHaS96ZExRRXdRRE04WGkKR0h3RnBYQU9ya2J3Ci0tLS0tRU5EIENFUlRJRklDQVRFLS0tLS0K
    service:
      name: seldon-webhook-service
      namespace: kubeflow
      path: /mutate-machinelearning-seldon-io-v1alpha2-seldondeployment
      port: 8443
  failurePolicy: Fail
  name: v1alpha2.mseldondeployment.kb.io
  namespaceSelector:
    matchExpressions:
    - key: seldon.io/controller-id
      operator: DoesNotExist
    matchLabels:
      serving.kubeflow.org/inferenceservice: enabled
  rules:
  - apiGroups:
    - machinelearning.seldon.io
    apiVersions:
    - v1alpha2
    operations:
    - CREATE
    - UPDATE
    resources:
    - seldondeployments
- clientConfig:
    caBundle: LS0tLS1CRUdJTiBDRVJUSUZJQ0FURS0tLS0tCk1JSURCVENDQWUyZ0F3SUJBZ0lSQVBhcTd6TWFKejJDeDlIdldOaDVPaUl3RFFZSktvWklodmNOQVFFTEJRQXcKSERFYU1CZ0dBMVVFQXhNUlkzVnpkRzl0TFcxbGRISnBZM010WTJFd0hoY05NakF4TVRJd01UQXdPVE0yV2hjTgpNakV4TVRJd01UQXdPVE0yV2pBY01Sb3dHQVlEVlFRREV4RmpkWE4wYjIwdGJXVjBjbWxqY3kxallUQ0NBU0l3CkRRWUpLb1pJaHZjTkFRRUJCUUFEZ2dFUEFEQ0NBUW9DZ2dFQkFMM3hGeGxjcURqZ01FUWdQek9oT0J5SGoyWEwKek80Uk1QS2RadjVZWEZiR0ZOWVUvS3k5enJtUXlZYlFrMmd0TldGa2xjN2FHWkZhdk9CLzJ6blNkRTFMbWVRaQpCd0dBckJPNVhkNmlpUGQwUjd2amdINmVWbmJqOGVvVkg3aFo0VHpRTkdXelRhN1FtZGM0VGVNUFlIZGhhR3JiCkI4S3pPZDE2Rm5VOVpaWmJHbjRaQUtGQ3lCNWh5T1dLL3A5Mmw0aTZYOWJPR3FXT2lsbTNkU3ZYZ3lrNktMNXYKSmZrVkJ4ZDIwalIzakxJV0t0a01DZ2R2d21Ldkw5cFU0Kzd4UFZMckNpdmc5bWs2ZDRueU8xeTg5WE44dXlHbAowd3F6azlDWDl1S0NVbGtmdXRYbnMxS2tvUHdZdVd0QnFjVUl6cHNhMFhtUTZ6cDhtTkxpNGIxaDBPY0NBd0VBCkFhTkNNRUF3RGdZRFZSMFBBUUgvQkFRREFnS2tNQjBHQTFVZEpRUVdNQlFHQ0NzR0FRVUZCd01CQmdnckJnRUYKQlFjREFqQVBCZ05WSFJNQkFmOEVCVEFEQVFIL01BMEdDU3FHU0liM0RRRUJDd1VBQTRJQkFRQ1B3d2EzVzZwegpnTW1tMUJWU1EzUWFkY051TTlQbDJGa0cwcnhpbzQ1cnZBL2pHaE8yRUlTdHoydTMvMFBIRDNvWjBTbGl0Yld3Cm96dWhScy9oNFU2eGtjQ09tdWdiNW9IRHREY0MwMFFCRk5WZFZ4TEVhblB6c0sybml5UndQanM4bG5vcjdHQmEKakttcGJscktsNDZ0cW9MVmRZSGZBVk5QNmIxbDNNTmVIQTVkTGxUTGhrTVIrK2dRS2FTVUdhK1BRSytPOXJCRAprRXFISHNzV2hoMnEwQkhPUzIyLzBpS1RvWjVWSTIwdllkZUJseXpHNHVHb1lSenNXcTduWm5JMGhjRytWdEt4ClUwL25kdkVVaURHNHU1SEFCM3N1Y2F6RUIreExRNkdFSDl5MUJ6SjRxc3UyZGJkemZHaS96ZExRRXdRRE04WGkKR0h3RnBYQU9ya2J3Ci0tLS0tRU5EIENFUlRJRklDQVRFLS0tLS0K
    service:
      name: seldon-webhook-service
      namespace: kubeflow
      path: /mutate-machinelearning-seldon-io-v1alpha3-seldondeployment
      port: 8443
  failurePolicy: Fail
  name: v1alpha3.mseldondeployment.kb.io
  namespaceSelector:
    matchExpressions:
    - key: seldon.io/controller-id
      operator: DoesNotExist
    matchLabels:
      serving.kubeflow.org/inferenceservice: enabled
  rules:
  - apiGroups:
    - machinelearning.seldon.io
    apiVersions:
    - v1alpha3
    operations:
    - CREATE
    - UPDATE
    resources:
    - seldondeployments
